/*===TOKENS===*/
COMPONENT                <component>
'{'                      <{>
Hidden:NEWLINE                  <>
FUNCTION                 <function>
IDENTIFIER               <foo>
'('                      <(>
')'                      <)>
'{'                      <{>
Hidden:NEWLINE                  <>
IF                       <if>
'('                      <(>
IDENTIFIER               <keys>
'['                      <[>
IDENTIFIER               <i>
']'                      <]>
EQ                       <==>
IDENTIFIER               <sectionActionsName>
'&&'                     <&&>
'!'                      <!>
IDENTIFIER               <loadSectionFreeSkills>
'&&'                     <&&>
'!'                      <!>
IDENTIFIER               <loadSectionActions>
'&&'                     <&&>
'!'                      <!>
IDENTIFIER               <loadSectionActionsContact>
'&&'                     <&&>
'!'                      <!>
IDENTIFIER               <loadSectionActionsHistory>
'&&'                     <&&>
'!'                      <!>
IDENTIFIER               <loadSectionComment>
Hidden:NEWLINE                  <>
'||'                     <||>
IDENTIFIER               <keys>
'['                      <[>
IDENTIFIER               <i>
']'                      <]>
EQ                       <==>
IDENTIFIER               <sectionProfileName>
'&&'                     <&&>
'!'                      <!>
IDENTIFIER               <loadSectionProfile>
Hidden:NEWLINE                  <>
'||'                     <||>
IDENTIFIER               <keys>
'['                      <[>
IDENTIFIER               <i>
']'                      <]>
EQ                       <==>
IDENTIFIER               <sectionLanguagesName>
'&&'                     <&&>
'!'                      <!>
IDENTIFIER               <loadSectionLanguages>
Hidden:NEWLINE                  <>
'||'                     <||>
IDENTIFIER               <keys>
'['                      <[>
IDENTIFIER               <i>
']'                      <]>
EQ                       <==>
IDENTIFIER               <sectionExperienceWidgetName>
'&&'                     <&&>
'!'                      <!>
IDENTIFIER               <loadSectionProfile>
'&&'                     <&&>
'!'                      <!>
IDENTIFIER               <loadSectionExperience>
Hidden:NEWLINE                  <>
'||'                     <||>
IDENTIFIER               <keys>
'['                      <[>
IDENTIFIER               <i>
']'                      <]>
EQ                       <==>
IDENTIFIER               <sectionProfileName>
'&&'                     <&&>
'!'                      <!>
IDENTIFIER               <loadSectionProfile>
Hidden:NEWLINE                  <>
'||'                     <||>
IDENTIFIER               <keys>
'['                      <[>
IDENTIFIER               <i>
']'                      <]>
EQ                       <==>
IDENTIFIER               <sectionExperienceName>
'&&'                     <&&>
'!'                      <!>
IDENTIFIER               <loadSectionExperience>
Hidden:NEWLINE                  <>
'||'                     <||>
IDENTIFIER               <keys>
'['                      <[>
IDENTIFIER               <i>
']'                      <]>
EQ                       <==>
IDENTIFIER               <sectionSkillsName>
'&&'                     <&&>
'!'                      <!>
IDENTIFIER               <loadSectionSkills>
Hidden:NEWLINE                  <>
'||'                     <||>
IDENTIFIER               <keys>
'['                      <[>
IDENTIFIER               <i>
']'                      <]>
EQ                       <==>
IDENTIFIER               <sectionFreeSkillsName>
'&&'                     <&&>
'!'                      <!>
IDENTIFIER               <loadSectionFreeSkills>
Hidden:NEWLINE                  <>
'||'                     <||>
IDENTIFIER               <keys>
'['                      <[>
IDENTIFIER               <i>
']'                      <]>
EQ                       <==>
IDENTIFIER               <sectionFunctionsName>
'&&'                     <&&>
'!'                      <!>
IDENTIFIER               <loadSectionFunctions>
Hidden:NEWLINE                  <>
'||'                     <||>
IDENTIFIER               <keys>
'['                      <[>
IDENTIFIER               <i>
']'                      <]>
EQ                       <==>
IDENTIFIER               <sectionEducationName>
'&&'                     <&&>
'!'                      <!>
IDENTIFIER               <loadSectionEducation>
Hidden:NEWLINE                  <>
'||'                     <||>
IDENTIFIER               <keys>
'['                      <[>
IDENTIFIER               <i>
']'                      <]>
EQ                       <==>
IDENTIFIER               <sectionAttachmentName>
'&&'                     <&&>
'!'                      <!>
IDENTIFIER               <loadSectionAttachment>
Hidden:NEWLINE                  <>
')'                      <)>
'{'                      <{>
Hidden:NEWLINE                  <>
Hidden:LINE_COMMENT             <// do something>
'}'                      <}>
Hidden:NEWLINE                  <>
'}'                      <}>
Hidden:NEWLINE                  <>
'}'                      <}>
/*===TREE===*/
(scriptBlock
  (componentDeclaration
    component
    (componentGuts
      {
      (element
        (functionDeclaration
          function
          (identifier foo)
          (
          parameterList
          )
          (compoundStatement
            {
            (statement
              (ifStatement
                if
                (condition
                  (
                  (baseExpression
                    (baseExpression
                      (baseExpression
                        (baseExpression
                          (baseExpression
                            (baseExpression
                              (baseExpression
                                (baseExpression
                                  (baseExpression
                                    (baseExpression
                                      (baseExpression
                                        (baseExpression
                                          (baseExpression
                                            (baseExpression
                                              (baseExpression
                                                (baseExpression
                                                  (baseExpression
                                                    (unaryExpression
                                                      (memberExpression
                                                        (identifier keys)
                                                        (arrayMemberExpression
                                                          [
                                                          (startExpression
                                                            (baseExpression (unaryExpression (memberExpression (identifier i))))
                                                          )
                                                          ]
                                                        )
                                                      )
                                                    )
                                                  )
                                                  (compareExpressionOperator ==)
                                                  (baseExpression
                                                    (unaryExpression (memberExpression (identifier sectionActionsName)))
                                                  )
                                                )
                                                &&
                                                (baseExpression
                                                  (notExpression
                                                    !
                                                    (unaryExpression (memberExpression (identifier loadSectionFreeSkills)))
                                                  )
                                                )
                                              )
                                              &&
                                              (baseExpression
                                                (notExpression
                                                  !
                                                  (unaryExpression (memberExpression (identifier loadSectionActions)))
                                                )
                                              )
                                            )
                                            &&
                                            (baseExpression
                                              (notExpression
                                                !
                                                (unaryExpression (memberExpression (identifier loadSectionActionsContact)))
                                              )
                                            )
                                          )
                                          &&
                                          (baseExpression
                                            (notExpression
                                              !
                                              (unaryExpression (memberExpression (identifier loadSectionActionsHistory)))
                                            )
                                          )
                                        )
                                        &&
                                        (baseExpression
                                          (notExpression
                                            !
                                            (unaryExpression (memberExpression (identifier loadSectionComment)))
                                          )
                                        )
                                      )
                                      ||
                                      (baseExpression
                                        (baseExpression
                                          (baseExpression
                                            (unaryExpression
                                              (memberExpression
                                                (identifier keys)
                                                (arrayMemberExpression
                                                  [
                                                  (startExpression
                                                    (baseExpression (unaryExpression (memberExpression (identifier i))))
                                                  )
                                                  ]
                                                )
                                              )
                                            )
                                          )
                                          (compareExpressionOperator ==)
                                          (baseExpression
                                            (unaryExpression (memberExpression (identifier sectionProfileName)))
                                          )
                                        )
                                        &&
                                        (baseExpression
                                          (notExpression
                                            !
                                            (unaryExpression (memberExpression (identifier loadSectionProfile)))
                                          )
                                        )
                                      )
                                    )
                                    ||
                                    (baseExpression
                                      (baseExpression
                                        (baseExpression
                                          (unaryExpression
                                            (memberExpression
                                              (identifier keys)
                                              (arrayMemberExpression
                                                [
                                                (startExpression
                                                  (baseExpression (unaryExpression (memberExpression (identifier i))))
                                                )
                                                ]
                                              )
                                            )
                                          )
                                        )
                                        (compareExpressionOperator ==)
                                        (baseExpression
                                          (unaryExpression (memberExpression (identifier sectionLanguagesName)))
                                        )
                                      )
                                      &&
                                      (baseExpression
                                        (notExpression
                                          !
                                          (unaryExpression (memberExpression (identifier loadSectionLanguages)))
                                        )
                                      )
                                    )
                                  )
                                  ||
                                  (baseExpression
                                    (baseExpression
                                      (baseExpression
                                        (baseExpression
                                          (unaryExpression
                                            (memberExpression
                                              (identifier keys)
                                              (arrayMemberExpression
                                                [
                                                (startExpression
                                                  (baseExpression (unaryExpression (memberExpression (identifier i))))
                                                )
                                                ]
                                              )
                                            )
                                          )
                                        )
                                        (compareExpressionOperator ==)
                                        (baseExpression
                                          (unaryExpression (memberExpression (identifier sectionExperienceWidgetName)))
                                        )
                                      )
                                      &&
                                      (baseExpression
                                        (notExpression
                                          !
                                          (unaryExpression (memberExpression (identifier loadSectionProfile)))
                                        )
                                      )
                                    )
                                    &&
                                    (baseExpression
                                      (notExpression
                                        !
                                        (unaryExpression (memberExpression (identifier loadSectionExperience)))
                                      )
                                    )
                                  )
                                )
                                ||
                                (baseExpression
                                  (baseExpression
                                    (baseExpression
                                      (unaryExpression
                                        (memberExpression
                                          (identifier keys)
                                          (arrayMemberExpression
                                            [
                                            (startExpression
                                              (baseExpression (unaryExpression (memberExpression (identifier i))))
                                            )
                                            ]
                                          )
                                        )
                                      )
                                    )
                                    (compareExpressionOperator ==)
                                    (baseExpression
                                      (unaryExpression (memberExpression (identifier sectionProfileName)))
                                    )
                                  )
                                  &&
                                  (baseExpression
                                    (notExpression
                                      !
                                      (unaryExpression (memberExpression (identifier loadSectionProfile)))
                                    )
                                  )
                                )
                              )
                              ||
                              (baseExpression
                                (baseExpression
                                  (baseExpression
                                    (unaryExpression
                                      (memberExpression
                                        (identifier keys)
                                        (arrayMemberExpression
                                          [
                                          (startExpression
                                            (baseExpression (unaryExpression (memberExpression (identifier i))))
                                          )
                                          ]
                                        )
                                      )
                                    )
                                  )
                                  (compareExpressionOperator ==)
                                  (baseExpression
                                    (unaryExpression (memberExpression (identifier sectionExperienceName)))
                                  )
                                )
                                &&
                                (baseExpression
                                  (notExpression
                                    !
                                    (unaryExpression (memberExpression (identifier loadSectionExperience)))
                                  )
                                )
                              )
                            )
                            ||
                            (baseExpression
                              (baseExpression
                                (baseExpression
                                  (unaryExpression
                                    (memberExpression
                                      (identifier keys)
                                      (arrayMemberExpression
                                        [
                                        (startExpression
                                          (baseExpression (unaryExpression (memberExpression (identifier i))))
                                        )
                                        ]
                                      )
                                    )
                                  )
                                )
                                (compareExpressionOperator ==)
                                (baseExpression
                                  (unaryExpression (memberExpression (identifier sectionSkillsName)))
                                )
                              )
                              &&
                              (baseExpression
                                (notExpression
                                  !
                                  (unaryExpression (memberExpression (identifier loadSectionSkills)))
                                )
                              )
                            )
                          )
                          ||
                          (baseExpression
                            (baseExpression
                              (baseExpression
                                (unaryExpression
                                  (memberExpression
                                    (identifier keys)
                                    (arrayMemberExpression
                                      [
                                      (startExpression
                                        (baseExpression (unaryExpression (memberExpression (identifier i))))
                                      )
                                      ]
                                    )
                                  )
                                )
                              )
                              (compareExpressionOperator ==)
                              (baseExpression
                                (unaryExpression (memberExpression (identifier sectionFreeSkillsName)))
                              )
                            )
                            &&
                            (baseExpression
                              (notExpression
                                !
                                (unaryExpression (memberExpression (identifier loadSectionFreeSkills)))
                              )
                            )
                          )
                        )
                        ||
                        (baseExpression
                          (baseExpression
                            (baseExpression
                              (unaryExpression
                                (memberExpression
                                  (identifier keys)
                                  (arrayMemberExpression
                                    [
                                    (startExpression
                                      (baseExpression (unaryExpression (memberExpression (identifier i))))
                                    )
                                    ]
                                  )
                                )
                              )
                            )
                            (compareExpressionOperator ==)
                            (baseExpression
                              (unaryExpression (memberExpression (identifier sectionFunctionsName)))
                            )
                          )
                          &&
                          (baseExpression
                            (notExpression
                              !
                              (unaryExpression (memberExpression (identifier loadSectionFunctions)))
                            )
                          )
                        )
                      )
                      ||
                      (baseExpression
                        (baseExpression
                          (baseExpression
                            (unaryExpression
                              (memberExpression
                                (identifier keys)
                                (arrayMemberExpression
                                  [
                                  (startExpression
                                    (baseExpression (unaryExpression (memberExpression (identifier i))))
                                  )
                                  ]
                                )
                              )
                            )
                          )
                          (compareExpressionOperator ==)
                          (baseExpression
                            (unaryExpression (memberExpression (identifier sectionEducationName)))
                          )
                        )
                        &&
                        (baseExpression
                          (notExpression
                            !
                            (unaryExpression (memberExpression (identifier loadSectionEducation)))
                          )
                        )
                      )
                    )
                    ||
                    (baseExpression
                      (baseExpression
                        (baseExpression
                          (unaryExpression
                            (memberExpression
                              (identifier keys)
                              (arrayMemberExpression
                                [
                                (startExpression
                                  (baseExpression (unaryExpression (memberExpression (identifier i))))
                                )
                                ]
                              )
                            )
                          )
                        )
                        (compareExpressionOperator ==)
                        (baseExpression
                          (unaryExpression (memberExpression (identifier sectionAttachmentName)))
                        )
                      )
                      &&
                      (baseExpression
                        (notExpression
                          !
                          (unaryExpression (memberExpression (identifier loadSectionAttachment)))
                        )
                      )
                    )
                  )
                  )
                )
                (statement (compoundStatement { }))
              )
            )
            }
          )
        )
      )
      }
    )
  )
)
/*======*/