/*===TOKENS===*/
IF                       <if>
'('                      <(>
NOT                      <NOT>
'('                      <(>
IDENTIFIER               <smartGroups>
'.'                      <.>
CONTAINS                 <contains>
'('                      <(>
IDENTIFIER               <item>
')'                      <)>
')'                      <)>
')'                      <)>
'{'                      <{>
Hidden:NEWLINE                  <>
'}'                      <}>
/*===TREE===*/
(scriptBlock
  (element
    (statement
      (ifStatement
        if
        (condition
          (
          (baseExpression
            (notExpression
              NOT
                (unaryExpression
                  (memberExpression
                    (parentheticalExpression
                      (
                      (startExpression
                        (baseExpression
                          (unaryExpression
                            (memberExpression
                              (identifier smartGroups)
                              .
                              (qualifiedFunctionCall
                                (reservedWord (specialWord contains))
                                (
                                (argumentList
                                  (argument
                                    (startExpression
                                      (baseExpression (unaryExpression (memberExpression (identifier item))))
                                    )
                                  )
                                )
                                )
                              )
                            )
                          )
                        )
                      )
                      )
                    )
                  )
                )
              )
            )
          )
          )
        (statement (compoundStatement { }))
      )
    )
  )
)
/*======*/
/*===DECOMPILE===*/
if(NOT (smartGroups.contains(item)) )   {

  }
/*======*/